<ROOT >
  <RECORD name=INPUT >
    <STRING >
    </STRING>
    <STRING >
    </STRING>
    <STRING >
    </STRING>
    <STRING >
    </STRING>
    <STRING >
    </STRING>
    <STRING >
    </STRING>
    <STRING >
    </STRING>
    <STRING >
    </STRING>
    <STRING >
    </STRING>
    <STRING >
    </STRING>
    <STRING >
    </STRING>
    <STRING >
    </STRING>
    <STRING >
    </STRING>
    <STRING >
    </STRING>
    <STRING >
    </STRING>
    <STRING >
    </STRING>
    <STRING >
    </STRING>
    <STRING >
    </STRING>
    <STRING >
    </STRING>
    <STRING >
    </STRING>
    <STRING >
    </STRING>
    <STRING >
    </STRING>
    <STRING >
    </STRING>
    <STRING >
    </STRING>
    <STRING >
    </STRING>
    <STRING >
    </STRING>
    <STRING >
    </STRING>
    <STRING >
    </STRING>
    <STRING >
    </STRING>
    <STRING >
    </STRING>
    <STRING >
    </STRING>
    <STRING >
    </STRING>
    <STRING >
    </STRING>
    <STRING >
    </STRING>
    <STRING >
    </STRING>
    <STRING >
    </STRING>
    <STRING >
    </STRING>
    <STRING >
    </STRING>
    <STRING >
    </STRING>
    <STRING >
    </STRING>
    <STRING >
    </STRING>
    <STRING >
    </STRING>
    <STRING >
    </STRING>
    <STRING >
    </STRING>
    <STRING >
    </STRING>
    <STRING >
    </STRING>
    <STRING >
    </STRING>
    <STRING >
    </STRING>
    <STRING >
    </STRING>
    <STRING >
    </STRING>
    <STRING >
    </STRING>
    <STRING >
    </STRING>
    <STRING >
    </STRING>
    <STRING >
    </STRING>
    <STRING >
    </STRING>
    <STRING >
    </STRING>
    <STRING >
    </STRING>
    <STRING >
    </STRING>
    <STRING >
    </STRING>
    <STRING >
    </STRING>
    <STRING >
    </STRING>
    <STRING >
    </STRING>
    <STRING >
    </STRING>
    <STRING >
    </STRING>
    <STRING >
    </STRING>
    <STRING >
    </STRING>
    <STRING >
    </STRING>
    <STRING >
    </STRING>
    <STRING >
    </STRING>
    <STRING >
    </STRING>
    <STRING >
    </STRING>
    <STRING >
    </STRING>
    <STRING >
    </STRING>
    <STRING >
    </STRING>
    <STRING >
    </STRING>
    <STRING >
    </STRING>
    <STRING >
    </STRING>
    <STRING >
    </STRING>
  </RECORD>
</ROOT>
