<ROOT >
  <INPUT >
    <INT >
    </INT>
    <INT >
    </INT>
    <INT >
    </INT>
    <INT >
    </INT>
    <INT >
    </INT>
    <INT >
    </INT>
    <INT >
    </INT>
    <INT >
    </INT>
    <INT >
    </INT>
    <INT >
    </INT>
    <INT >
    </INT>
    <INT >
    </INT>
    <INT >
    </INT>
    <INT >
    </INT>
    <INT >
    </INT>
    <INT >
    </INT>
    <INT >
    </INT>
    <INT >
    </INT>
    <INT >
    </INT>
    <INT >
    </INT>
    <INT >
    </INT>
    <INT >
    </INT>
    <INT >
    </INT>
    <INT >
    </INT>
    <INT >
    </INT>
    <INT >
    </INT>
    <INT >
    </INT>
    <INT >
    </INT>
    <INT >
    </INT>
    <INT >
    </INT>
    <INT >
    </INT>
    <INT >
    </INT>
    <INT >
    </INT>
    <INT >
    </INT>
    <INT >
    </INT>
    <INT >
    </INT>
    <INT >
    </INT>
    <INT >
    </INT>
    <INT >
    </INT>
    <INT >
    </INT>
    <INT >
    </INT>
    <INT >
    </INT>
    <INT >
    </INT>
    <INT >
    </INT>
    <INT >
    </INT>
    <INT >
    </INT>
    <INT >
    </INT>
    <INT >
    </INT>
    <INT >
    </INT>
    <INT >
    </INT>
    <INT >
    </INT>
    <INT >
    </INT>
    <INT >
    </INT>
    <INT >
    </INT>
    <INT >
    </INT>
    <INT >
    </INT>
    <INT >
    </INT>
    <INT >
    </INT>
    <INT >
    </INT>
    <INT >
    </INT>
    <INT >
    </INT>
    <INT >
    </INT>
    <INT >
    </INT>
    <INT >
    </INT>
    <INT >
    </INT>
    <INT >
    </INT>
    <INT >
    </INT>
    <INT >
    </INT>
    <INT >
    </INT>
    <INT >
    </INT>
    <INT >
    </INT>
    <INT >
    </INT>
    <INT >
    </INT>
    <INT >
    </INT>
    <INT >
    </INT>
    <INT >
    </INT>
    <INT >
    </INT>
    <INT >
    </INT>
  </INPUT>
</ROOT>
