<ROOT >
  <RECORD name=INPUT >
    <INT >
    </INT>
    <INT >
    </INT>
    <INT >
    </INT>
    <INT >
    </INT>
    <INT >
    </INT>
    <INT >
    </INT>
    <INT >
    </INT>
    <INT >
    </INT>
    <INT >
    </INT>
    <INT >
    </INT>
    <INT >
    </INT>
    <INT >
    </INT>
    <INT >
    </INT>
    <INT >
    </INT>
    <INT >
    </INT>
    <INT >
    </INT>
    <INT >
    </INT>
    <INT >
    </INT>
    <INT >
    </INT>
    <INT >
    </INT>
    <INT >
    </INT>
    <INT >
    </INT>
    <INT >
    </INT>
    <INT >
    </INT>
    <INT >
    </INT>
    <INT >
    </INT>
    <INT >
    </INT>
    <INT >
    </INT>
    <INT >
    </INT>
    <INT >
    </INT>
    <INT >
    </INT>
    <INT >
    </INT>
    <INT >
    </INT>
    <INT >
    </INT>
    <INT >
    </INT>
    <INT >
    </INT>
    <INT >
    </INT>
    <INT >
    </INT>
    <INT >
    </INT>
    <INT >
    </INT>
    <INT >
    </INT>
    <INT >
    </INT>
    <INT >
    </INT>
    <INT >
    </INT>
    <INT >
    </INT>
    <INT >
    </INT>
    <INT >
    </INT>
    <INT >
    </INT>
    <INT >
    </INT>
    <INT >
    </INT>
    <INT >
    </INT>
    <INT >
    </INT>
    <INT >
    </INT>
    <INT >
    </INT>
    <INT >
    </INT>
    <INT >
    </INT>
    <INT >
    </INT>
    <INT >
    </INT>
    <INT >
    </INT>
    <INT >
    </INT>
    <INT >
    </INT>
    <INT >
    </INT>
    <INT >
    </INT>
    <INT >
    </INT>
    <INT >
    </INT>
    <INT >
    </INT>
    <INT >
    </INT>
    <INT >
    </INT>
    <INT >
    </INT>
    <INT >
    </INT>
    <INT >
    </INT>
    <INT >
    </INT>
    <INT >
    </INT>
    <INT >
    </INT>
    <INT >
    </INT>
    <INT >
    </INT>
    <INT >
    </INT>
    <INT >
    </INT>
  </RECORD>
</ROOT>
