<ROOT >
  <INPUT >
    <STRING >
    </STRING>
    <STRING >
    </STRING>
    <STRING >
    </STRING>
    <STRING >
    </STRING>
    <STRING >
    </STRING>
    <STRING >
    </STRING>
    <STRING >
    </STRING>
    <STRING >
    </STRING>
    <STRING >
    </STRING>
    <STRING >
    </STRING>
    <STRING >
    </STRING>
    <STRING >
    </STRING>
    <STRING >
    </STRING>
    <STRING >
    </STRING>
    <STRING >
    </STRING>
    <STRING >
    </STRING>
    <STRING >
    </STRING>
    <STRING >
    </STRING>
    <STRING >
    </STRING>
    <STRING >
    </STRING>
    <STRING >
    </STRING>
    <STRING >
    </STRING>
    <STRING >
    </STRING>
    <STRING >
    </STRING>
    <STRING >
    </STRING>
    <STRING >
    </STRING>
    <STRING >
    </STRING>
    <STRING >
    </STRING>
    <STRING >
    </STRING>
    <STRING >
    </STRING>
    <STRING >
    </STRING>
    <STRING >
    </STRING>
    <STRING >
    </STRING>
    <STRING >
    </STRING>
    <STRING >
    </STRING>
    <STRING >
    </STRING>
    <STRING >
    </STRING>
    <STRING >
    </STRING>
    <STRING >
    </STRING>
    <STRING >
    </STRING>
    <STRING >
    </STRING>
    <STRING >
    </STRING>
    <STRING >
    </STRING>
    <STRING >
    </STRING>
    <STRING >
    </STRING>
    <STRING >
    </STRING>
    <STRING >
    </STRING>
    <STRING >
    </STRING>
    <STRING >
    </STRING>
    <STRING >
    </STRING>
    <STRING >
    </STRING>
    <STRING >
    </STRING>
    <STRING >
    </STRING>
    <STRING >
    </STRING>
    <STRING >
    </STRING>
    <STRING >
    </STRING>
    <STRING >
    </STRING>
    <STRING >
    </STRING>
    <STRING >
    </STRING>
    <STRING >
    </STRING>
    <STRING >
    </STRING>
    <STRING >
    </STRING>
    <STRING >
    </STRING>
    <STRING >
    </STRING>
    <STRING >
    </STRING>
    <STRING >
    </STRING>
    <STRING >
    </STRING>
    <STRING >
    </STRING>
    <STRING >
    </STRING>
    <STRING >
    </STRING>
    <STRING >
    </STRING>
    <STRING >
    </STRING>
    <STRING >
    </STRING>
    <STRING >
    </STRING>
    <STRING >
    </STRING>
    <STRING >
    </STRING>
    <STRING >
    </STRING>
    <STRING >
    </STRING>
  </INPUT>
</ROOT>
